09:23:20 **** Incremental Build of configuration Debug for project Nap ****
make -j8 all 
arm-none-eabi-gcc "../Core/Src/DISPLAY_MENU.c" -mcpu=cortex-m4 -std=gnu11 -g3 -DUSE_HAL_DRIVER -DSTM32F401xC -DDEBUG -c -I../Core/Inc -I../Drivers/STM32F4xx_HAL_Driver/Inc -I../Drivers/STM32F4xx_HAL_Driver/Inc/Legacy -I../Drivers/CMSIS/Device/ST/STM32F4xx/Include -I../Drivers/CMSIS/Include -O0 -ffunction-sections -fdata-sections -Wall -fstack-usage -MMD -MP -MF"Core/Src/DISPLAY_MENU.d" -MT"Core/Src/DISPLAY_MENU.o" --specs=nano.specs -mfpu=fpv4-sp-d16 -mfloat-abi=hard -mthumb -o "Core/Src/DISPLAY_MENU.o"
arm-none-eabi-gcc "../Core/Src/main.c" -mcpu=cortex-m4 -std=gnu11 -g3 -DUSE_HAL_DRIVER -DSTM32F401xC -DDEBUG -c -I../Core/Inc -I../Drivers/STM32F4xx_HAL_Driver/Inc -I../Drivers/STM32F4xx_HAL_Driver/Inc/Legacy -I../Drivers/CMSIS/Device/ST/STM32F4xx/Include -I../Drivers/CMSIS/Include -O0 -ffunction-sections -fdata-sections -Wall -fstack-usage -MMD -MP -MF"Core/Src/main.d" -MT"Core/Src/main.o" --specs=nano.specs -mfpu=fpv4-sp-d16 -mfloat-abi=hard -mthumb -o "Core/Src/main.o"
../Core/Src/DISPLAY_MENU.c: In function 'Saving_Process':
../Core/Src/DISPLAY_MENU.c:344:32: warning: passing argument 2 of 'Flash_Write_Data' from incompatible pointer type [-Wincompatible-pointer-types]
   Flash_Write_Data(0x08020000, string);
                                ^~~~~~
In file included from ../Core/Inc/main.h:43:0,
                 from ../Core/Inc/DISPLAY_MENU.h:7,
                 from ../Core/Src/DISPLAY_MENU.c:7:
../Core/Inc/FLASH_SECTOR.h:11:10: note: expected 'uint32_t * {aka long unsigned int *}' but argument is of type 'char *'
 uint32_t Flash_Write_Data (uint32_t StartSectorAddress, uint32_t * DATA_32);
          ^~~~~~~~~~~~~~~~
../Core/Src/DISPLAY_MENU.c: In function 'Wifi_Connect_establish':
../Core/Src/DISPLAY_MENU.c:353:29: warning: pointer targets in passing argument 2 of 'HAL_UART_Receive' differ in signedness [-Wpointer-sign]
   HAL_UART_Receive(&huart6, Rx_Buff, 24, 5000);
                             ^~~~~~~
In file included from ../Core/Inc/stm32f4xx_hal_conf.h:404:0,
                 from ../Drivers/STM32F4xx_HAL_Driver/Inc/stm32f4xx_hal.h:30,
                 from ../Core/Inc/main.h:31,
                 from ../Core/Inc/DISPLAY_MENU.h:7,
                 from ../Core/Src/DISPLAY_MENU.c:7:
../Drivers/STM32F4xx_HAL_Driver/Inc/stm32f4xx_hal_uart.h:697:19: note: expected 'uint8_t * {aka unsigned char *}' but argument is of type 'char *'
 HAL_StatusTypeDef HAL_UART_Receive(UART_HandleTypeDef *huart, uint8_t *pData, uint16_t Size, uint32_t Timeout);
                   ^~~~~~~~~~~~~~~~
../Core/Src/main.c: In function 'Running':
../Core/Src/main.c:683:18: warning: implicit declaration of function 'Contants' [-Wimplicit-function-declaration]
  Motor_Speed_R = Contants(Motor_Speed_R, -7200,7200);
                  ^~~~~~~~
../Core/Src/main.c: In function 'ReadFlash':
../Core/Src/main.c:989:30: warning: passing argument 2 of 'Flash_Read_Data' from incompatible pointer type [-Wincompatible-pointer-types]
  Flash_Read_Data(0x08020000, PID_Rx);
                              ^~~~~~
In file included from ../Core/Inc/main.h:43:0,
                 from ../Core/Src/main.c:21:
../Core/Inc/FLASH_SECTOR.h:12:6: note: expected 'volatile uint32_t * {aka volatile long unsigned int *}' but argument is of type 'char *'
 void Flash_Read_Data (uint32_t StartPageAddress, __IO uint32_t * DATA_32);
      ^~~~~~~~~~~~~~~
../Core/Src/main.c:990:17: warning: passing argument 1 of 'Convert_To_Str' from incompatible pointer type [-Wincompatible-pointer-types]
  Convert_To_Str(PID_Rx, string_2);
                 ^~~~~~
../Core/Src/DISPLAY_MENU.c: In function 'Saving_Process':
../Core/Src/DISPLAY_MENU.c:338:24: warning: 'sprintf' writing a terminating nul past the end of the destination [-Wformat-overflow=]
   sprintf(kp_val,"%.2f ",Kp);
                        ^
In file included from ../Core/Inc/main.h:43:0,
                 from ../Core/Src/main.c:21:
../Core/Inc/FLASH_SECTOR.h:13:6: note: expected 'uint32_t * {aka long unsigned int *}' but argument is of type 'char *'
 void Convert_To_Str (uint32_t *data, char *str);
      ^~~~~~~~~~~~~~
../Core/Src/DISPLAY_MENU.c:338:3: note: 'sprintf' output between 6 and 315 bytes into a destination of size 5
   sprintf(kp_val,"%.2f ",Kp);
   ^~~~~~~~~~~~~~~~~~~~~~~~~~
../Core/Src/DISPLAY_MENU.c:340:24: warning: 'sprintf' writing a terminating nul past the end of the destination [-Wformat-overflow=]
   sprintf(ki_val,"%.2f ",Ki);
                        ^
../Core/Src/DISPLAY_MENU.c:340:3: note: 'sprintf' output between 6 and 315 bytes into a destination of size 5
   sprintf(ki_val,"%.2f ",Ki);
   ^~~~~~~~~~~~~~~~~~~~~~~~~~
../Core/Src/main.c: In function 'Error_Return':
../Core/Src/DISPLAY_MENU.c:342:24: warning: 'sprintf' writing a terminating nul past the end of the destination [-Wformat-overflow=]
   sprintf(kd_val,"%.2f ",Kd);
                        ^
../Core/Src/main.c:741:1: warning: control reaches end of non-void function [-Wreturn-type]
 }
 ^
../Core/Src/DISPLAY_MENU.c:342:3: note: 'sprintf' output between 6 and 315 bytes into a destination of size 5
   sprintf(kd_val,"%.2f ",Kd);
   ^~~~~~~~~~~~~~~~~~~~~~~~~~
arm-none-eabi-gcc -o "Nap.elf" @"objects.list"   -mcpu=cortex-m4 -T"D:\Baocaokhoaluan_BK\Driver\Nap\STM32F401CCUX_FLASH.ld" --specs=nosys.specs -Wl,-Map="Nap.map" -Wl,--gc-sections -static --specs=nano.specs -mfpu=fpv4-sp-d16 -mfloat-abi=hard -mthumb -u _printf_float -Wl,--start-group -lc -lm -Wl,--end-group
Finished building target: Nap.elf
 
arm-none-eabi-objdump -h -S  Nap.elf  > "Nap.list"
arm-none-eabi-objcopy  -O binary  Nap.elf  "Nap.bin"
arm-none-eabi-size   Nap.elf 
   text	   data	    bss	    dec	    hex	filename
  49392	    556	   2468	  52416	   ccc0	Nap.elf
Finished building: default.size.stdout
 
Finished building: Nap.bin
 
Finished building: Nap.list
 
09:23:52 **** Incremental Build of configuration Debug for project Nap ****
make -j8 all 
arm-none-eabi-size   Nap.elf 
   text	   data	    bss	    dec	    hex	filename
  49392	    556	   2468	  52416	   ccc0	Nap.elf
Finished building: default.size.stdout
 
