20:46:45 **** Incremental Build of configuration Debug for project Nap ****
make -j8 all 
arm-none-eabi-gcc "../Core/Src/Matrix_solver.c" -mcpu=cortex-m4 -std=gnu11 -g3 -DUSE_HAL_DRIVER -DSTM32F401xC -DDEBUG -c -I../Core/Inc -I../Drivers/STM32F4xx_HAL_Driver/Inc -I../Drivers/STM32F4xx_HAL_Driver/Inc/Legacy -I../Drivers/CMSIS/Device/ST/STM32F4xx/Include -I../Drivers/CMSIS/Include -O0 -ffunction-sections -fdata-sections -Wall -fstack-usage -MMD -MP -MF"Core/Src/Matrix_solver.d" -MT"Core/Src/Matrix_solver.o" --specs=nano.specs -mfpu=fpv4-sp-d16 -mfloat-abi=hard -mthumb -o "Core/Src/Matrix_solver.o"
arm-none-eabi-gcc "../Core/Src/stm32f4xx_it.c" -mcpu=cortex-m4 -std=gnu11 -g3 -DUSE_HAL_DRIVER -DSTM32F401xC -DDEBUG -c -I../Core/Inc -I../Drivers/STM32F4xx_HAL_Driver/Inc -I../Drivers/STM32F4xx_HAL_Driver/Inc/Legacy -I../Drivers/CMSIS/Device/ST/STM32F4xx/Include -I../Drivers/CMSIS/Include -O0 -ffunction-sections -fdata-sections -Wall -fstack-usage -MMD -MP -MF"Core/Src/stm32f4xx_it.d" -MT"Core/Src/stm32f4xx_it.o" --specs=nano.specs -mfpu=fpv4-sp-d16 -mfloat-abi=hard -mthumb -o "Core/Src/stm32f4xx_it.o"
../Core/Src/Matrix_solver.c: In function 'Solver':
../Core/Src/Matrix_solver.c:272:27: warning: passing argument 1 of 'Dijkstra' discards 'const' qualifier from pointer target type [-Wdiscarded-array-qualifiers]
  272 |     int length = Dijkstra(A, 12, Dau, Cuoi, Step);
      |                           ^
../Core/Src/Matrix_solver.c:195:25: note: expected 'int (*)[12]' but argument is of type 'const int (*)[12]'
  195 | static int Dijkstra(int A[12][12], int n, int D, int C, int result[max])
      |                     ~~~~^~~~~~~~~
../Core/Src/Matrix_solver.c:253:10: warning: unused variable 'concat_buffer' [-Wunused-variable]
  253 |     char concat_buffer[20] = {0};
      |          ^~~~~~~~~~~~~
../Core/Src/Matrix_solver.c:252:10: warning: unused variable 'buffer' [-Wunused-variable]
  252 |     char buffer[5] = {0};
      |          ^~~~~~
../Core/Src/Matrix_solver.c: In function 'GetString':
../Core/Src/Matrix_solver.c:300:36: warning: 'sprintf' writing a terminating nul past the end of the destination [-Wformat-overflow=]
  300 |             sprintf(buffer, "%d -> ", getStep[i]);
      |                                    ^
../Core/Src/Matrix_solver.c:300:13: note: 'sprintf' output between 6 and 16 bytes into a destination of size 5
  300 |             sprintf(buffer, "%d -> ", getStep[i]);
      |             ^~~~~~~~~~~~~~~~~~~~~~~~~~~~~~~~~~~~~
arm-none-eabi-gcc -o "Nap.elf" @"objects.list"   -mcpu=cortex-m4 -T"D:\Baocaokhoaluan_BK\Driver\Nap\STM32F401CCUX_FLASH.ld" --specs=nosys.specs -Wl,-Map="Nap.map" -Wl,--gc-sections -static --specs=nano.specs -mfpu=fpv4-sp-d16 -mfloat-abi=hard -mthumb -u _printf_float -Wl,--start-group -lc -lm -Wl,--end-group
Finished building target: Nap.elf
 
arm-none-eabi-size   Nap.elf 
arm-none-eabi-objdump -h -S  Nap.elf  > "Nap.list"
arm-none-eabi-objcopy  -O binary  Nap.elf  "Nap.bin"
   text	   data	    bss	    dec	    hex	filename
  64164	    572	   2868	  67604	  10814	Nap.elf
Finished building: default.size.stdout
 
Finished building: Nap.bin
 
Finished building: Nap.list
 
20:46:58 **** Incremental Build of configuration Debug for project Nap ****
make -j8 all 
arm-none-eabi-size   Nap.elf 
   text	   data	    bss	    dec	    hex	filename
  64164	    572	   2868	  67604	  10814	Nap.elf
Finished building: default.size.stdout
 
