00:16:00 **** Incremental Build of configuration Debug for project Nap ****
make -j8 all 
arm-none-eabi-gcc "../Core/Src/main.c" -mcpu=cortex-m4 -std=gnu11 -g3 -DUSE_HAL_DRIVER -DSTM32F401xC -DDEBUG -c -I../Core/Inc -I../Drivers/STM32F4xx_HAL_Driver/Inc -I../Drivers/STM32F4xx_HAL_Driver/Inc/Legacy -I../Drivers/CMSIS/Device/ST/STM32F4xx/Include -I../Drivers/CMSIS/Include -O0 -ffunction-sections -fdata-sections -Wall -fstack-usage -MMD -MP -MF"Core/Src/main.d" -MT"Core/Src/main.o" --specs=nano.specs -mfpu=fpv4-sp-d16 -mfloat-abi=hard -mthumb -o "Core/Src/main.o"
../Core/Src/main.c: In function 'HAL_UART_RxCpltCallback':
../Core/Src/main.c:246:30: warning: pointer targets in passing argument 2 of 'HAL_UART_Transmit' differ in signedness [-Wpointer-sign]
  246 |   HAL_UART_Transmit(&huart6, Error_Str, sizeof(Error_Str), 5000);
      |                              ^~~~~~~~~
      |                              |
      |                              char *
In file included from ../Core/Inc/stm32f4xx_hal_conf.h:406,
                 from ../Drivers/STM32F4xx_HAL_Driver/Inc/stm32f4xx_hal.h:30,
                 from ../Core/Inc/main.h:31,
                 from ../Core/Src/main.c:21:
../Drivers/STM32F4xx_HAL_Driver/Inc/stm32f4xx_hal_uart.h:723:73: note: expected 'uint8_t *' {aka 'unsigned char *'} but argument is of type 'char *'
  723 | HAL_StatusTypeDef HAL_UART_Transmit(UART_HandleTypeDef *huart, uint8_t *pData, uint16_t Size, uint32_t Timeout);
      |                                                                ~~~~~~~~~^~~~~
../Core/Src/main.c:252:30: warning: pointer targets in passing argument 2 of 'HAL_UART_Transmit' differ in signedness [-Wpointer-sign]
  252 |   HAL_UART_Transmit(&huart6, Speed_Left_Str, sizeof(Speed_Left_Str),5000);
      |                              ^~~~~~~~~~~~~~
      |                              |
      |                              char *
In file included from ../Core/Inc/stm32f4xx_hal_conf.h:406,
                 from ../Drivers/STM32F4xx_HAL_Driver/Inc/stm32f4xx_hal.h:30,
                 from ../Core/Inc/main.h:31,
                 from ../Core/Src/main.c:21:
../Drivers/STM32F4xx_HAL_Driver/Inc/stm32f4xx_hal_uart.h:723:73: note: expected 'uint8_t *' {aka 'unsigned char *'} but argument is of type 'char *'
  723 | HAL_StatusTypeDef HAL_UART_Transmit(UART_HandleTypeDef *huart, uint8_t *pData, uint16_t Size, uint32_t Timeout);
      |                                                                ~~~~~~~~~^~~~~
../Core/Src/main.c:258:30: warning: pointer targets in passing argument 2 of 'HAL_UART_Transmit' differ in signedness [-Wpointer-sign]
  258 |   HAL_UART_Transmit(&huart6, Speed_Right_Str, sizeof(Speed_Right_Str), 5000);
      |                              ^~~~~~~~~~~~~~~
      |                              |
      |                              char *
In file included from ../Core/Inc/stm32f4xx_hal_conf.h:406,
                 from ../Drivers/STM32F4xx_HAL_Driver/Inc/stm32f4xx_hal.h:30,
                 from ../Core/Inc/main.h:31,
                 from ../Core/Src/main.c:21:
../Drivers/STM32F4xx_HAL_Driver/Inc/stm32f4xx_hal_uart.h:723:73: note: expected 'uint8_t *' {aka 'unsigned char *'} but argument is of type 'char *'
  723 | HAL_StatusTypeDef HAL_UART_Transmit(UART_HandleTypeDef *huart, uint8_t *pData, uint16_t Size, uint32_t Timeout);
      |                                                                ~~~~~~~~~^~~~~
../Core/Src/main.c:270:31: warning: pointer targets in passing argument 2 of 'HAL_UART_Transmit' differ in signedness [-Wpointer-sign]
  270 |    HAL_UART_Transmit(&huart6, Final_string, sizeof(Final_string), 10000);
      |                               ^~~~~~~~~~~~
      |                               |
      |                               char *
In file included from ../Core/Inc/stm32f4xx_hal_conf.h:406,
                 from ../Drivers/STM32F4xx_HAL_Driver/Inc/stm32f4xx_hal.h:30,
                 from ../Core/Inc/main.h:31,
                 from ../Core/Src/main.c:21:
../Drivers/STM32F4xx_HAL_Driver/Inc/stm32f4xx_hal_uart.h:723:73: note: expected 'uint8_t *' {aka 'unsigned char *'} but argument is of type 'char *'
  723 | HAL_StatusTypeDef HAL_UART_Transmit(UART_HandleTypeDef *huart, uint8_t *pData, uint16_t Size, uint32_t Timeout);
      |                                                                ~~~~~~~~~^~~~~
../Core/Src/main.c:275:30: warning: pointer targets in passing argument 2 of 'HAL_UART_Transmit' differ in signedness [-Wpointer-sign]
  275 |   HAL_UART_Transmit(&huart6, Boot, sizeof(Boot), 1000);
      |                              ^~~~
      |                              |
      |                              char *
In file included from ../Core/Inc/stm32f4xx_hal_conf.h:406,
                 from ../Drivers/STM32F4xx_HAL_Driver/Inc/stm32f4xx_hal.h:30,
                 from ../Core/Inc/main.h:31,
                 from ../Core/Src/main.c:21:
../Drivers/STM32F4xx_HAL_Driver/Inc/stm32f4xx_hal_uart.h:723:73: note: expected 'uint8_t *' {aka 'unsigned char *'} but argument is of type 'char *'
  723 | HAL_StatusTypeDef HAL_UART_Transmit(UART_HandleTypeDef *huart, uint8_t *pData, uint16_t Size, uint32_t Timeout);
      |                                                                ~~~~~~~~~^~~~~
../Core/Src/main.c:279:31: warning: pointer targets in passing argument 2 of 'HAL_UART_Receive_IT' differ in signedness [-Wpointer-sign]
  279 |  HAL_UART_Receive_IT(&huart6, Rx_Buffer, RECEIVE_BUFF_SIZE);
      |                               ^~~~~~~~~
      |                               |
      |                               char *
In file included from ../Core/Inc/stm32f4xx_hal_conf.h:406,
                 from ../Drivers/STM32F4xx_HAL_Driver/Inc/stm32f4xx_hal.h:30,
                 from ../Core/Inc/main.h:31,
                 from ../Core/Src/main.c:21:
../Drivers/STM32F4xx_HAL_Driver/Inc/stm32f4xx_hal_uart.h:726:75: note: expected 'uint8_t *' {aka 'unsigned char *'} but argument is of type 'char *'
  726 | HAL_StatusTypeDef HAL_UART_Receive_IT(UART_HandleTypeDef *huart, uint8_t *pData, uint16_t Size);
      |                                                                  ~~~~~~~~~^~~~~
../Core/Src/main.c: In function 'main':
../Core/Src/main.c:333:32: warning: pointer targets in passing argument 2 of 'HAL_UART_Receive_IT' differ in signedness [-Wpointer-sign]
  333 |   HAL_UART_Receive_IT(&huart6, Rx_Buffer, RECEIVE_BUFF_SIZE);
      |                                ^~~~~~~~~
      |                                |
      |                                char *
In file included from ../Core/Inc/stm32f4xx_hal_conf.h:406,
                 from ../Drivers/STM32F4xx_HAL_Driver/Inc/stm32f4xx_hal.h:30,
                 from ../Core/Inc/main.h:31,
                 from ../Core/Src/main.c:21:
../Drivers/STM32F4xx_HAL_Driver/Inc/stm32f4xx_hal_uart.h:726:75: note: expected 'uint8_t *' {aka 'unsigned char *'} but argument is of type 'char *'
  726 | HAL_StatusTypeDef HAL_UART_Receive_IT(UART_HandleTypeDef *huart, uint8_t *pData, uint16_t Size);
      |                                                                  ~~~~~~~~~^~~~~
At top level:
../Core/Src/main.c:1204:13: warning: 'Sensor_Print_LineDetect' defined but not used [-Wunused-function]
 1204 | static void Sensor_Print_LineDetect()
      |             ^~~~~~~~~~~~~~~~~~~~~~~
arm-none-eabi-gcc -o "Nap.elf" @"objects.list"   -mcpu=cortex-m4 -T"D:\Baocaokhoaluan_BK\Driver\Nap\STM32F401CCUX_FLASH.ld" --specs=nosys.specs -Wl,-Map="Nap.map" -Wl,--gc-sections -static --specs=nano.specs -mfpu=fpv4-sp-d16 -mfloat-abi=hard -mthumb -u _printf_float -Wl,--start-group -lc -lm -Wl,--end-group
Finished building target: Nap.elf
 
arm-none-eabi-size   Nap.elf 
arm-none-eabi-objdump -h -S  Nap.elf  > "Nap.list"
arm-none-eabi-objcopy  -O binary  Nap.elf  "Nap.bin"
   text	   data	    bss	    dec	    hex	filename
  64220	    572	   2868	  67660	  1084c	Nap.elf
Finished building: default.size.stdout
 
Finished building: Nap.bin
 
Finished building: Nap.list
 
00:16:09 **** Incremental Build of configuration Debug for project Nap ****
make -j8 all 
arm-none-eabi-size   Nap.elf 
   text	   data	    bss	    dec	    hex	filename
  64220	    572	   2868	  67660	  1084c	Nap.elf
Finished building: default.size.stdout
 
