20:15:25 **** Incremental Build of configuration Debug for project Nap ****
make -j8 all 
arm-none-eabi-gcc "../Core/Src/main.c" -mcpu=cortex-m4 -std=gnu11 -g3 -DUSE_HAL_DRIVER -DSTM32F401xC -DDEBUG -c -I../Core/Inc -I../Drivers/STM32F4xx_HAL_Driver/Inc -I../Drivers/STM32F4xx_HAL_Driver/Inc/Legacy -I../Drivers/CMSIS/Device/ST/STM32F4xx/Include -I../Drivers/CMSIS/Include -O0 -ffunction-sections -fdata-sections -Wall -fstack-usage -MMD -MP -MF"Core/Src/main.d" -MT"Core/Src/main.o" --specs=nano.specs -mfpu=fpv4-sp-d16 -mfloat-abi=hard -mthumb -o "Core/Src/main.o"
../Core/Src/main.c: In function 'HAL_UART_RxCpltCallback':
../Core/Src/main.c:238:30: warning: pointer targets in passing argument 2 of 'HAL_UART_Transmit' differ in signedness [-Wpointer-sign]
  238 |   HAL_UART_Transmit(&huart6, Error_Str, sizeof(Error_Str), 5000);
      |                              ^~~~~~~~~
      |                              |
      |                              char *
In file included from ../Core/Inc/stm32f4xx_hal_conf.h:406,
                 from ../Drivers/STM32F4xx_HAL_Driver/Inc/stm32f4xx_hal.h:30,
                 from ../Core/Inc/main.h:31,
                 from ../Core/Src/main.c:21:
../Drivers/STM32F4xx_HAL_Driver/Inc/stm32f4xx_hal_uart.h:723:73: note: expected 'uint8_t *' {aka 'unsigned char *'} but argument is of type 'char *'
  723 | HAL_StatusTypeDef HAL_UART_Transmit(UART_HandleTypeDef *huart, uint8_t *pData, uint16_t Size, uint32_t Timeout);
      |                                                                ~~~~~~~~~^~~~~
../Core/Src/main.c:244:30: warning: pointer targets in passing argument 2 of 'HAL_UART_Transmit' differ in signedness [-Wpointer-sign]
  244 |   HAL_UART_Transmit(&huart6, Speed_Left_Str, sizeof(Speed_Left_Str),5000);
      |                              ^~~~~~~~~~~~~~
      |                              |
      |                              char *
In file included from ../Core/Inc/stm32f4xx_hal_conf.h:406,
                 from ../Drivers/STM32F4xx_HAL_Driver/Inc/stm32f4xx_hal.h:30,
                 from ../Core/Inc/main.h:31,
                 from ../Core/Src/main.c:21:
../Drivers/STM32F4xx_HAL_Driver/Inc/stm32f4xx_hal_uart.h:723:73: note: expected 'uint8_t *' {aka 'unsigned char *'} but argument is of type 'char *'
  723 | HAL_StatusTypeDef HAL_UART_Transmit(UART_HandleTypeDef *huart, uint8_t *pData, uint16_t Size, uint32_t Timeout);
      |                                                                ~~~~~~~~~^~~~~
../Core/Src/main.c:250:30: warning: pointer targets in passing argument 2 of 'HAL_UART_Transmit' differ in signedness [-Wpointer-sign]
  250 |   HAL_UART_Transmit(&huart6, Speed_Right_Str, sizeof(Speed_Right_Str), 5000);
      |                              ^~~~~~~~~~~~~~~
      |                              |
      |                              char *
In file included from ../Core/Inc/stm32f4xx_hal_conf.h:406,
                 from ../Drivers/STM32F4xx_HAL_Driver/Inc/stm32f4xx_hal.h:30,
                 from ../Core/Inc/main.h:31,
                 from ../Core/Src/main.c:21:
../Drivers/STM32F4xx_HAL_Driver/Inc/stm32f4xx_hal_uart.h:723:73: note: expected 'uint8_t *' {aka 'unsigned char *'} but argument is of type 'char *'
  723 | HAL_StatusTypeDef HAL_UART_Transmit(UART_HandleTypeDef *huart, uint8_t *pData, uint16_t Size, uint32_t Timeout);
      |                                                                ~~~~~~~~~^~~~~
../Core/Src/main.c:272:31: warning: pointer targets in passing argument 2 of 'HAL_UART_Transmit' differ in signedness [-Wpointer-sign]
  272 |    HAL_UART_Transmit(&huart6, Final_string, sizeof(Final_string), 10000);
      |                               ^~~~~~~~~~~~
      |                               |
      |                               char *
In file included from ../Core/Inc/stm32f4xx_hal_conf.h:406,
                 from ../Drivers/STM32F4xx_HAL_Driver/Inc/stm32f4xx_hal.h:30,
                 from ../Core/Inc/main.h:31,
                 from ../Core/Src/main.c:21:
../Drivers/STM32F4xx_HAL_Driver/Inc/stm32f4xx_hal_uart.h:723:73: note: expected 'uint8_t *' {aka 'unsigned char *'} but argument is of type 'char *'
  723 | HAL_StatusTypeDef HAL_UART_Transmit(UART_HandleTypeDef *huart, uint8_t *pData, uint16_t Size, uint32_t Timeout);
      |                                                                ~~~~~~~~~^~~~~
../Core/Src/main.c:277:30: warning: pointer targets in passing argument 2 of 'HAL_UART_Transmit' differ in signedness [-Wpointer-sign]
  277 |   HAL_UART_Transmit(&huart6, Boot, sizeof(Boot), 1000);
      |                              ^~~~
      |                              |
      |                              char *
In file included from ../Core/Inc/stm32f4xx_hal_conf.h:406,
                 from ../Drivers/STM32F4xx_HAL_Driver/Inc/stm32f4xx_hal.h:30,
                 from ../Core/Inc/main.h:31,
                 from ../Core/Src/main.c:21:
../Drivers/STM32F4xx_HAL_Driver/Inc/stm32f4xx_hal_uart.h:723:73: note: expected 'uint8_t *' {aka 'unsigned char *'} but argument is of type 'char *'
  723 | HAL_StatusTypeDef HAL_UART_Transmit(UART_HandleTypeDef *huart, uint8_t *pData, uint16_t Size, uint32_t Timeout);
      |                                                                ~~~~~~~~~^~~~~
../Core/Src/main.c:281:31: warning: pointer targets in passing argument 2 of 'HAL_UART_Receive_IT' differ in signedness [-Wpointer-sign]
  281 |  HAL_UART_Receive_IT(&huart6, Rx_Buffer, RECEIVE_BUFF_SIZE);
      |                               ^~~~~~~~~
      |                               |
      |                               char *
In file included from ../Core/Inc/stm32f4xx_hal_conf.h:406,
                 from ../Drivers/STM32F4xx_HAL_Driver/Inc/stm32f4xx_hal.h:30,
                 from ../Core/Inc/main.h:31,
                 from ../Core/Src/main.c:21:
../Drivers/STM32F4xx_HAL_Driver/Inc/stm32f4xx_hal_uart.h:726:75: note: expected 'uint8_t *' {aka 'unsigned char *'} but argument is of type 'char *'
  726 | HAL_StatusTypeDef HAL_UART_Receive_IT(UART_HandleTypeDef *huart, uint8_t *pData, uint16_t Size);
      |                                                                  ~~~~~~~~~^~~~~
../Core/Src/main.c:208:22: warning: unused variable 'Kd_pre' [-Wunused-variable]
  208 |  float Kp_pre,Ki_pre,Kd_pre;
      |                      ^~~~~~
../Core/Src/main.c:208:15: warning: unused variable 'Ki_pre' [-Wunused-variable]
  208 |  float Kp_pre,Ki_pre,Kd_pre;
      |               ^~~~~~
../Core/Src/main.c:208:8: warning: unused variable 'Kp_pre' [-Wunused-variable]
  208 |  float Kp_pre,Ki_pre,Kd_pre;
      |        ^~~~~~
../Core/Src/main.c: In function 'main':
../Core/Src/main.c:335:32: warning: pointer targets in passing argument 2 of 'HAL_UART_Receive_IT' differ in signedness [-Wpointer-sign]
  335 |   HAL_UART_Receive_IT(&huart6, Rx_Buffer, RECEIVE_BUFF_SIZE);
      |                                ^~~~~~~~~
      |                                |
      |                                char *
In file included from ../Core/Inc/stm32f4xx_hal_conf.h:406,
                 from ../Drivers/STM32F4xx_HAL_Driver/Inc/stm32f4xx_hal.h:30,
                 from ../Core/Inc/main.h:31,
                 from ../Core/Src/main.c:21:
../Drivers/STM32F4xx_HAL_Driver/Inc/stm32f4xx_hal_uart.h:726:75: note: expected 'uint8_t *' {aka 'unsigned char *'} but argument is of type 'char *'
  726 | HAL_StatusTypeDef HAL_UART_Receive_IT(UART_HandleTypeDef *huart, uint8_t *pData, uint16_t Size);
      |                                                                  ~~~~~~~~~^~~~~
../Core/Src/main.c: In function 'Running':
../Core/Src/main.c:974:5: warning: implicit declaration of function 'Right_Turn' [-Wimplicit-function-declaration]
  974 |     Right_Turn();
      |     ^~~~~~~~~~
../Core/Src/main.c:984:5: warning: implicit declaration of function 'Left_Turn' [-Wimplicit-function-declaration]
  984 |     Left_Turn();
      |     ^~~~~~~~~
../Core/Src/main.c:1003:4: warning: implicit declaration of function 'Left_Turn_Ngaba' [-Wimplicit-function-declaration]
 1003 |    Left_Turn_Ngaba();
      |    ^~~~~~~~~~~~~~~
../Core/Src/main.c: At top level:
../Core/Src/main.c:1042:6: warning: conflicting types for 'Left_Turn'
 1042 | void Left_Turn()
      |      ^~~~~~~~~
../Core/Src/main.c:984:5: note: previous implicit declaration of 'Left_Turn' was here
  984 |     Left_Turn();
      |     ^~~~~~~~~
../Core/Src/main.c:1076:6: warning: conflicting types for 'Left_Turn_Ngaba'
 1076 | void Left_Turn_Ngaba()
      |      ^~~~~~~~~~~~~~~
../Core/Src/main.c:1003:4: note: previous implicit declaration of 'Left_Turn_Ngaba' was here
 1003 |    Left_Turn_Ngaba();
      |    ^~~~~~~~~~~~~~~
../Core/Src/main.c:1092:6: warning: conflicting types for 'Right_Turn'
 1092 | void Right_Turn()
      |      ^~~~~~~~~~
../Core/Src/main.c:974:5: note: previous implicit declaration of 'Right_Turn' was here
  974 |     Right_Turn();
      |     ^~~~~~~~~~
../Core/Src/main.c: In function 'ReadFlash':
../Core/Src/main.c:1456:30: warning: passing argument 2 of 'Flash_Read_Data' from incompatible pointer type [-Wincompatible-pointer-types]
 1456 |  Flash_Read_Data(0x08020000, PID_Rx);
      |                              ^~~~~~
      |                              |
      |                              char *
In file included from ../Core/Inc/main.h:43,
                 from ../Core/Src/main.c:21:
../Core/Inc/FLASH_SECTOR.h:12:66: note: expected 'volatile uint32_t *' {aka 'volatile long unsigned int *'} but argument is of type 'char *'
   12 | void Flash_Read_Data (uint32_t StartPageAddress, __IO uint32_t * DATA_32);
../Core/Src/main.c:1457:17: warning: passing argument 1 of 'Convert_To_Str' from incompatible pointer type [-Wincompatible-pointer-types]
 1457 |  Convert_To_Str(PID_Rx, string_2);
      |                 ^~~~~~
      |                 |
      |                 char *
In file included from ../Core/Inc/main.h:43,
                 from ../Core/Src/main.c:21:
../Core/Inc/FLASH_SECTOR.h:13:32: note: expected 'uint32_t *' {aka 'long unsigned int *'} but argument is of type 'char *'
   13 | void Convert_To_Str (uint32_t *data, char *str);
      |                      ~~~~~~~~~~^~~~
At top level:
../Core/Src/main.c:1454:6: warning: 'ReadFlash' defined but not used [-Wunused-function]
 1454 | void ReadFlash(void)
      |      ^~~~~~~~~
../Core/Src/main.c:1200:13: warning: 'Sensor_Print_LineDetect' defined but not used [-Wunused-function]
 1200 | static void Sensor_Print_LineDetect()
      |             ^~~~~~~~~~~~~~~~~~~~~~~
arm-none-eabi-gcc -o "Nap.elf" @"objects.list"   -mcpu=cortex-m4 -T"D:\Baocaokhoaluan_BK\Driver\Nap\STM32F401CCUX_FLASH.ld" --specs=nosys.specs -Wl,-Map="Nap.map" -Wl,--gc-sections -static --specs=nano.specs -mfpu=fpv4-sp-d16 -mfloat-abi=hard -mthumb -u _printf_float -Wl,--start-group -lc -lm -Wl,--end-group
Finished building target: Nap.elf
 
arm-none-eabi-size   Nap.elf 
arm-none-eabi-objdump -h -S  Nap.elf  > "Nap.list"
arm-none-eabi-objcopy  -O binary  Nap.elf  "Nap.bin"
   text	   data	    bss	    dec	    hex	filename
  64460	    572	   3460	  68492	  10b8c	Nap.elf
Finished building: default.size.stdout
 
Finished building: Nap.bin
 
Finished building: Nap.list
 
20:15:36 **** Incremental Build of configuration Debug for project Nap ****
make -j8 all 
arm-none-eabi-size   Nap.elf 
   text	   data	    bss	    dec	    hex	filename
  64460	    572	   3460	  68492	  10b8c	Nap.elf
Finished building: default.size.stdout
 
