23:10:54 **** Incremental Build of configuration Debug for project Nap ****
make -j8 all 
arm-none-eabi-gcc "../Core/Src/main.c" -mcpu=cortex-m4 -std=gnu11 -g3 -DUSE_HAL_DRIVER -DSTM32F401xC -DDEBUG -c -I../Core/Inc -I../Drivers/STM32F4xx_HAL_Driver/Inc -I../Drivers/STM32F4xx_HAL_Driver/Inc/Legacy -I../Drivers/CMSIS/Device/ST/STM32F4xx/Include -I../Drivers/CMSIS/Include -O0 -ffunction-sections -fdata-sections -Wall -fstack-usage -MMD -MP -MF"Core/Src/main.d" -MT"Core/Src/main.o" --specs=nano.specs -mfpu=fpv4-sp-d16 -mfloat-abi=hard -mthumb -o "Core/Src/main.o"
../Core/Src/main.c: In function 'HAL_UART_RxCpltCallback':
../Core/Src/main.c:170:31: warning: pointer targets in passing argument 2 of 'HAL_UART_Receive_IT' differ in signedness [-Wpointer-sign]
  170 |  HAL_UART_Receive_IT(&huart6, Rx_Buffer, Receive_Buffer_Size);
      |                               ^~~~~~~~~
      |                               |
      |                               char *
In file included from ../Core/Inc/stm32f4xx_hal_conf.h:406,
                 from ../Drivers/STM32F4xx_HAL_Driver/Inc/stm32f4xx_hal.h:30,
                 from ../Core/Inc/main.h:31,
                 from ../Core/Src/main.c:21:
../Drivers/STM32F4xx_HAL_Driver/Inc/stm32f4xx_hal_uart.h:726:75: note: expected 'uint8_t *' {aka 'unsigned char *'} but argument is of type 'char *'
  726 | HAL_StatusTypeDef HAL_UART_Receive_IT(UART_HandleTypeDef *huart, uint8_t *pData, uint16_t Size);
      |                                                                  ~~~~~~~~~^~~~~
../Core/Src/main.c: In function 'main':
../Core/Src/main.c:218:32: warning: pointer targets in passing argument 2 of 'HAL_UART_Receive_IT' differ in signedness [-Wpointer-sign]
  218 |   HAL_UART_Receive_IT(&huart6, Rx_Buffer, Receive_Buffer_Size);
      |                                ^~~~~~~~~
      |                                |
      |                                char *
In file included from ../Core/Inc/stm32f4xx_hal_conf.h:406,
                 from ../Drivers/STM32F4xx_HAL_Driver/Inc/stm32f4xx_hal.h:30,
                 from ../Core/Inc/main.h:31,
                 from ../Core/Src/main.c:21:
../Drivers/STM32F4xx_HAL_Driver/Inc/stm32f4xx_hal_uart.h:726:75: note: expected 'uint8_t *' {aka 'unsigned char *'} but argument is of type 'char *'
  726 | HAL_StatusTypeDef HAL_UART_Receive_IT(UART_HandleTypeDef *huart, uint8_t *pData, uint16_t Size);
      |                                                                  ~~~~~~~~~^~~~~
../Core/Src/main.c: In function 'ReadFlash':
../Core/Src/main.c:1141:30: warning: passing argument 2 of 'Flash_Read_Data' from incompatible pointer type [-Wincompatible-pointer-types]
 1141 |  Flash_Read_Data(0x08020000, PID_Rx);
      |                              ^~~~~~
      |                              |
      |                              char *
In file included from ../Core/Inc/main.h:43,
                 from ../Core/Src/main.c:21:
../Core/Inc/FLASH_SECTOR.h:12:66: note: expected 'volatile uint32_t *' {aka 'volatile long unsigned int *'} but argument is of type 'char *'
   12 | void Flash_Read_Data (uint32_t StartPageAddress, __IO uint32_t * DATA_32);
../Core/Src/main.c:1142:17: warning: passing argument 1 of 'Convert_To_Str' from incompatible pointer type [-Wincompatible-pointer-types]
 1142 |  Convert_To_Str(PID_Rx, string_2);
      |                 ^~~~~~
      |                 |
      |                 char *
In file included from ../Core/Inc/main.h:43,
                 from ../Core/Src/main.c:21:
../Core/Inc/FLASH_SECTOR.h:13:32: note: expected 'uint32_t *' {aka 'long unsigned int *'} but argument is of type 'char *'
   13 | void Convert_To_Str (uint32_t *data, char *str);
      |                      ~~~~~~~~~~^~~~
../Core/Src/main.c: In function 'Error_Return':
../Core/Src/main.c:846:1: warning: control reaches end of non-void function [-Wreturn-type]
  846 | }
      | ^
arm-none-eabi-gcc -o "Nap.elf" @"objects.list"   -mcpu=cortex-m4 -T"D:\Baocaokhoaluan_BK\Driver\Nap\STM32F401CCUX_FLASH.ld" --specs=nosys.specs -Wl,-Map="Nap.map" -Wl,--gc-sections -static --specs=nano.specs -mfpu=fpv4-sp-d16 -mfloat-abi=hard -mthumb -u _printf_float -Wl,--start-group -lc -lm -Wl,--end-group
Finished building target: Nap.elf
 
arm-none-eabi-size   Nap.elf 
arm-none-eabi-objdump -h -S  Nap.elf  > "Nap.list"
arm-none-eabi-objcopy  -O binary  Nap.elf  "Nap.bin"
   text	   data	    bss	    dec	    hex	filename
  60252	    560	   2760	  63572	   f854	Nap.elf
Finished building: default.size.stdout
 
Finished building: Nap.bin
 
Finished building: Nap.list
 
23:11:10 **** Incremental Build of configuration Debug for project Nap ****
make -j8 all 
arm-none-eabi-size   Nap.elf 
   text	   data	    bss	    dec	    hex	filename
  60252	    560	   2760	  63572	   f854	Nap.elf
Finished building: default.size.stdout
 
23:11:18 **** Incremental Build of configuration Debug for project Nap ****
make -j8 all 
arm-none-eabi-size   Nap.elf 
   text	   data	    bss	    dec	    hex	filename
  60252	    560	   2760	  63572	   f854	Nap.elf
Finished building: default.size.stdout
 
