DISPLAY_MENU.c:68:6:Menu_system_control	16	static
DISPLAY_MENU.c:100:13:Mainmenu	16	static
DISPLAY_MENU.c:185:13:PID_menu	16	static
DISPLAY_MENU.c:242:13:Speed_menu	16	static
DISPLAY_MENU.c:277:13:Color_Studying_process	32	static
DISPLAY_MENU.c:316:13:LineDetect_show	16	static
DISPLAY_MENU.c:376:13:Saving_Process	8	static
DISPLAY_MENU.c:388:13:Wifi_Connect_establish	8	static
DISPLAY_MENU.c:394:13:Path_Solver	16	static
DISPLAY_MENU.c:447:13:Path_show	32	static
DISPLAY_MENU.c:458:6:executeAction	16	static
