DISPLAY_MENU.c:52:6:Menu_system_control	16	static
DISPLAY_MENU.c:84:13:Mainmenu	16	static
DISPLAY_MENU.c:169:13:PID_menu	16	static
DISPLAY_MENU.c:226:13:Speed_menu	16	static
DISPLAY_MENU.c:261:13:Color_Studying_process	32	static
DISPLAY_MENU.c:300:13:LineDetect_show	16	static
DISPLAY_MENU.c:360:13:Saving_Process	8	static
DISPLAY_MENU.c:372:13:Wifi_Connect_establish	8	static
DISPLAY_MENU.c:378:13:Path_Solver	16	static
DISPLAY_MENU.c:431:13:Path_show	32	static
DISPLAY_MENU.c:442:6:executeAction	16	static
