main.c:212:1:__io_putchar	16	static
main.c:219:6:HAL_UART_RxCpltCallback	136	static
main.c:298:6:Encoder_Read	4	static
main.c:309:5:main	16	static
main.c:393:6:SystemClock_Config	88	static
main.c:438:13:MX_ADC1_Init	24	static
main.c:528:13:MX_I2C3_Init	8	static
main.c:562:13:MX_SPI2_Init	8	static
main.c:600:13:MX_TIM2_Init	56	static
main.c:649:13:MX_TIM3_Init	48	static
main.c:702:13:MX_TIM4_Init	56	static
main.c:751:13:MX_TIM5_Init	32	static
main.c:796:13:MX_TIM9_Init	24	static
main.c:834:13:MX_USART1_UART_Init	8	static
main.c:867:13:MX_USART6_UART_Init	8	static
main.c:898:13:MX_DMA_Init	16	static
main.c:916:13:MX_GPIO_Init	48	static
main.c:955:6:Running	104	static
main.c:1108:13:Left_Turn	8	static
main.c:1122:13:Right_Turn	8	static
main.c:1135:13:Turn_180_Deg	8	static
main.c:1152:13:Go_Straight	16	static
main.c:1162:12:Error_Return	16	static
main.c:1199:12:Constraint	24	static
main.c:1209:13:Sensor_Convert_A2D	16	static
main.c:1227:6:Sensor_PrintValue	16	static
main.c:1237:13:Sensor_Print_LineDetect	16	static
main.c:1243:6:ScrollUp	8	static
main.c:1335:6:SelectItem	8	static,ignoring_inline_asm
main.c:1355:6:MultifunctionButton	4	static
main.c:1463:6:HAL_GPIO_EXTI_Callback	16	static,ignoring_inline_asm
main.c:1476:6:HAL_TIM_PeriodElapsedCallback	16	static
main.c:1526:6:Error_Handler	4	static,ignoring_inline_asm
