main.c:238:1:__io_putchar	16	static
main.c:245:6:HAL_UART_RxCpltCallback	136	static
main.c:334:6:Encoder_Read	4	static
main.c:345:5:main	16	static
main.c:430:6:SystemClock_Config	88	static
main.c:475:13:MX_ADC1_Init	24	static
main.c:565:13:MX_I2C3_Init	8	static
main.c:599:13:MX_SPI2_Init	8	static
main.c:637:13:MX_TIM2_Init	56	static
main.c:686:13:MX_TIM3_Init	48	static
main.c:739:13:MX_TIM4_Init	56	static
main.c:788:13:MX_TIM5_Init	32	static
main.c:833:13:MX_TIM9_Init	24	static
main.c:871:13:MX_USART1_UART_Init	8	static
main.c:904:13:MX_USART6_UART_Init	8	static
main.c:935:13:MX_DMA_Init	16	static
main.c:953:13:MX_GPIO_Init	48	static
main.c:992:6:Running	104	static
main.c:1157:6:Read_RFID_CARD	40	static
main.c:1206:13:Left_Turn	8	static
main.c:1220:13:Right_Turn	8	static
main.c:1233:13:Turn_180_Deg	8	static
main.c:1250:13:Go_Straight	16	static
main.c:1260:12:Error_Return	16	static
main.c:1297:12:Constraint	24	static
main.c:1307:13:Sensor_Convert_A2D	16	static
main.c:1325:6:Sensor_PrintValue	16	static
main.c:1335:13:Sensor_Print_LineDetect	16	static
main.c:1341:6:ScrollUp	8	static
main.c:1433:6:SelectItem	8	static,ignoring_inline_asm
main.c:1453:6:MultifunctionButton	4	static
main.c:1565:6:HAL_GPIO_EXTI_Callback	16	static,ignoring_inline_asm
main.c:1578:6:HAL_TIM_PeriodElapsedCallback	16	static
main.c:1628:6:Error_Handler	4	static,ignoring_inline_asm
