main.c:138:1:__io_putchar	16	static
main.c:157:5:main	8	static
main.c:225:6:SystemClock_Config	88	static
main.c:270:13:MX_ADC1_Init	24	static
main.c:360:13:MX_I2C3_Init	8	static
main.c:394:13:MX_SPI2_Init	8	static
main.c:431:13:MX_TIM2_Init	56	static
main.c:480:13:MX_TIM3_Init	48	static
main.c:533:13:MX_TIM4_Init	56	static
main.c:582:13:MX_TIM5_Init	32	static
main.c:627:13:MX_USART6_UART_Init	8	static
main.c:658:13:MX_DMA_Init	16	static
main.c:676:13:MX_GPIO_Init	48	static
main.c:725:6:Running	16	static
main.c:747:12:Error_Return	16	static
main.c:797:12:Constraint	24	static
main.c:807:6:Sensor_Convert_A2D	16	static
main.c:825:6:Sensor_PrintValue	16	static
main.c:835:6:Sensor_Print_LineDetect	16	static
main.c:841:6:ScrollUp	8	static
main.c:933:6:SelectItem	8	static,ignoring_inline_asm
main.c:953:6:MultifunctionButton	4	static
main.c:1061:6:HAL_GPIO_EXTI_Callback	16	static,ignoring_inline_asm
main.c:1074:6:HAL_TIM_PeriodElapsedCallback	16	static
main.c:1089:6:ReadFlash	32	static
main.c:1124:6:Error_Handler	4	static,ignoring_inline_asm
