main.c:142:1:__io_putchar	16	static
main.c:149:6:HAL_UART_RxCpltCallback	64	static
main.c:177:5:main	8	static
main.c:247:6:SystemClock_Config	88	static
main.c:292:13:MX_ADC1_Init	24	static
main.c:382:13:MX_I2C3_Init	8	static
main.c:416:13:MX_SPI2_Init	8	static
main.c:454:13:MX_TIM2_Init	56	static
main.c:503:13:MX_TIM3_Init	48	static
main.c:556:13:MX_TIM4_Init	56	static
main.c:605:13:MX_TIM5_Init	32	static
main.c:650:13:MX_USART1_UART_Init	8	static
main.c:683:13:MX_USART6_UART_Init	8	static
main.c:714:13:MX_DMA_Init	16	static
main.c:732:13:MX_GPIO_Init	48	static
main.c:771:6:Running	16	static
main.c:793:12:Error_Return	16	static
main.c:845:12:Constraint	24	static
main.c:855:6:Sensor_Convert_A2D	16	static
main.c:873:6:Sensor_PrintValue	16	static
main.c:883:6:Sensor_Print_LineDetect	16	static
main.c:889:6:ScrollUp	8	static
main.c:981:6:SelectItem	8	static,ignoring_inline_asm
main.c:1001:6:MultifunctionButton	4	static
main.c:1109:6:HAL_GPIO_EXTI_Callback	16	static,ignoring_inline_asm
main.c:1122:6:HAL_TIM_PeriodElapsedCallback	16	static
main.c:1137:6:ReadFlash	24	static
main.c:1172:6:Error_Handler	4	static,ignoring_inline_asm
