main.c:209:1:__io_putchar	16	static
main.c:216:6:HAL_UART_RxCpltCallback	120	static
main.c:282:6:Encoder_Read	4	static
main.c:293:5:main	16	static
main.c:377:6:SystemClock_Config	88	static
main.c:422:13:MX_ADC1_Init	24	static
main.c:512:13:MX_I2C3_Init	8	static
main.c:546:13:MX_SPI2_Init	8	static
main.c:584:13:MX_TIM2_Init	56	static
main.c:633:13:MX_TIM3_Init	48	static
main.c:686:13:MX_TIM4_Init	56	static
main.c:735:13:MX_TIM5_Init	32	static
main.c:780:13:MX_TIM9_Init	24	static
main.c:818:13:MX_USART1_UART_Init	8	static
main.c:851:13:MX_USART6_UART_Init	8	static
main.c:882:13:MX_DMA_Init	16	static
main.c:900:13:MX_GPIO_Init	48	static
main.c:939:6:Running	104	static
main.c:1075:13:Left_Turn	8	static
main.c:1089:13:Right_Turn	8	static
main.c:1102:13:Turn_180_Deg	8	static
main.c:1119:13:Go_Straight	16	static
main.c:1129:12:Error_Return	16	static
main.c:1166:12:Constraint	24	static
main.c:1176:13:Sensor_Convert_A2D	16	static
main.c:1194:6:Sensor_PrintValue	16	static
main.c:1204:13:Sensor_Print_LineDetect	16	static
main.c:1210:6:ScrollUp	8	static
main.c:1302:6:SelectItem	8	static,ignoring_inline_asm
main.c:1322:6:MultifunctionButton	4	static
main.c:1430:6:HAL_GPIO_EXTI_Callback	16	static,ignoring_inline_asm
main.c:1443:6:HAL_TIM_PeriodElapsedCallback	16	static
main.c:1493:6:Error_Handler	4	static,ignoring_inline_asm
