main.c:141:1:__io_putchar	16	static
main.c:148:6:HAL_UART_RxCpltCallback	32	static
main.c:179:5:main	8	static
main.c:249:6:SystemClock_Config	88	static
main.c:294:13:MX_ADC1_Init	24	static
main.c:384:13:MX_I2C3_Init	8	static
main.c:418:13:MX_SPI2_Init	8	static
main.c:456:13:MX_TIM2_Init	56	static
main.c:505:13:MX_TIM3_Init	48	static
main.c:558:13:MX_TIM4_Init	56	static
main.c:607:13:MX_TIM5_Init	32	static
main.c:652:13:MX_USART1_UART_Init	8	static
main.c:685:13:MX_USART6_UART_Init	8	static
main.c:716:13:MX_DMA_Init	16	static
main.c:734:13:MX_GPIO_Init	48	static
main.c:773:6:Running	16	static
main.c:795:12:Error_Return	16	static
main.c:847:12:Constraint	24	static
main.c:857:6:Sensor_Convert_A2D	16	static
main.c:875:6:Sensor_PrintValue	16	static
main.c:885:6:Sensor_Print_LineDetect	16	static
main.c:891:6:ScrollUp	8	static
main.c:983:6:SelectItem	8	static,ignoring_inline_asm
main.c:1003:6:MultifunctionButton	4	static
main.c:1111:6:HAL_GPIO_EXTI_Callback	16	static,ignoring_inline_asm
main.c:1124:6:HAL_TIM_PeriodElapsedCallback	16	static
main.c:1139:6:ReadFlash	24	static
main.c:1174:6:Error_Handler	4	static,ignoring_inline_asm
