main.c:126:1:__io_putchar	16	static
main.c:138:5:main	8	static
main.c:203:6:SystemClock_Config	88	static
main.c:248:13:MX_ADC1_Init	24	static
main.c:338:13:MX_I2C3_Init	8	static
main.c:372:13:MX_TIM2_Init	56	static
main.c:421:13:MX_TIM3_Init	48	static
main.c:474:13:MX_TIM4_Init	56	static
main.c:523:13:MX_TIM5_Init	32	static
main.c:568:13:MX_USART6_UART_Init	8	static
main.c:599:13:MX_DMA_Init	16	static
main.c:617:13:MX_GPIO_Init	48	static
main.c:672:6:Running	16	static
main.c:694:5:Error_Return	16	static
main.c:742:5:Contants	24	static
main.c:752:6:Sensor_Convert_A2D	16	static
main.c:770:6:Sensor_PrintValue	16	static
main.c:780:6:Sensor_Print_LineDetect	16	static
main.c:789:6:ScrollUp	8	static
main.c:857:6:SelectItem	8	static,ignoring_inline_asm
main.c:877:6:MultifunctionButton	8	static
main.c:959:6:HAL_GPIO_EXTI_Callback	16	static,ignoring_inline_asm
main.c:972:6:HAL_TIM_PeriodElapsedCallback	16	static
main.c:987:6:ReadFlash	32	static
main.c:1022:6:Error_Handler	4	static,ignoring_inline_asm
