main.c:177:1:__io_putchar	16	static
main.c:184:6:HAL_UART_RxCpltCallback	64	static
main.c:247:6:Encoder_Read	4	static
main.c:258:5:main	8	static
main.c:333:6:SystemClock_Config	88	static
main.c:378:13:MX_ADC1_Init	24	static
main.c:468:13:MX_I2C3_Init	8	static
main.c:502:13:MX_SPI2_Init	8	static
main.c:540:13:MX_TIM2_Init	56	static
main.c:589:13:MX_TIM3_Init	48	static
main.c:642:13:MX_TIM4_Init	56	static
main.c:691:13:MX_TIM5_Init	32	static
main.c:736:13:MX_TIM9_Init	24	static
main.c:774:13:MX_USART1_UART_Init	8	static
main.c:807:13:MX_USART6_UART_Init	8	static
main.c:838:13:MX_DMA_Init	16	static
main.c:856:13:MX_GPIO_Init	48	static
main.c:895:6:Running	16	static
main.c:943:5:Check_Noise	24	static
main.c:967:12:Error_Return	16	static
main.c:1024:12:Constraint	24	static
main.c:1034:13:Sensor_Convert_A2D	16	static
main.c:1052:6:Sensor_PrintValue	16	static
main.c:1062:13:Sensor_Print_LineDetect	16	static
main.c:1068:6:ScrollUp	8	static
main.c:1160:6:SelectItem	8	static,ignoring_inline_asm
main.c:1180:6:MultifunctionButton	4	static
main.c:1288:6:HAL_GPIO_EXTI_Callback	16	static,ignoring_inline_asm
main.c:1301:6:HAL_TIM_PeriodElapsedCallback	16	static
main.c:1316:6:ReadFlash	24	static
main.c:1351:6:Error_Handler	4	static,ignoring_inline_asm
