main.c:184:1:__io_putchar	16	static
main.c:191:6:HAL_UART_RxCpltCallback	120	static
main.c:269:6:Encoder_Read	4	static
main.c:280:5:main	16	static
main.c:364:6:SystemClock_Config	88	static
main.c:409:13:MX_ADC1_Init	24	static
main.c:499:13:MX_I2C3_Init	8	static
main.c:533:13:MX_SPI2_Init	8	static
main.c:571:13:MX_TIM2_Init	56	static
main.c:620:13:MX_TIM3_Init	48	static
main.c:673:13:MX_TIM4_Init	56	static
main.c:722:13:MX_TIM5_Init	32	static
main.c:767:13:MX_TIM9_Init	24	static
main.c:805:13:MX_USART1_UART_Init	8	static
main.c:838:13:MX_USART6_UART_Init	8	static
main.c:869:13:MX_DMA_Init	16	static
main.c:887:13:MX_GPIO_Init	48	static
main.c:926:6:Running	24	static
main.c:1022:6:Left_Turn	4	static
main.c:1026:6:Right_Turn	4	static
main.c:1030:6:Turn_180_Deg	4	static
main.c:1034:12:Error_Return	16	static
main.c:1067:12:Constraint	24	static
main.c:1077:13:Sensor_Convert_A2D	16	static
main.c:1095:6:Sensor_PrintValue	16	static
main.c:1105:13:Sensor_Print_LineDetect	16	static
main.c:1111:6:ScrollUp	8	static
main.c:1203:6:SelectItem	8	static,ignoring_inline_asm
main.c:1223:6:MultifunctionButton	4	static
main.c:1331:6:HAL_GPIO_EXTI_Callback	16	static,ignoring_inline_asm
main.c:1344:6:HAL_TIM_PeriodElapsedCallback	16	static
main.c:1359:6:ReadFlash	24	static
main.c:1394:6:Error_Handler	4	static,ignoring_inline_asm
