main.c:210:1:__io_putchar	16	static
main.c:217:6:HAL_UART_RxCpltCallback	120	static
main.c:283:6:Encoder_Read	4	static
main.c:294:5:main	16	static
main.c:378:6:SystemClock_Config	88	static
main.c:423:13:MX_ADC1_Init	24	static
main.c:513:13:MX_I2C3_Init	8	static
main.c:547:13:MX_SPI2_Init	8	static
main.c:585:13:MX_TIM2_Init	56	static
main.c:634:13:MX_TIM3_Init	48	static
main.c:687:13:MX_TIM4_Init	56	static
main.c:736:13:MX_TIM5_Init	32	static
main.c:781:13:MX_TIM9_Init	24	static
main.c:819:13:MX_USART1_UART_Init	8	static
main.c:852:13:MX_USART6_UART_Init	8	static
main.c:883:13:MX_DMA_Init	16	static
main.c:901:13:MX_GPIO_Init	48	static
main.c:940:6:Running	104	static
main.c:1073:13:Left_Turn	8	static
main.c:1089:13:Right_Turn	8	static
main.c:1104:13:Turn_180_Deg	8	static
main.c:1121:13:Go_Straight	16	static
main.c:1132:12:Error_Return	16	static
main.c:1169:12:Constraint	24	static
main.c:1179:13:Sensor_Convert_A2D	16	static
main.c:1197:6:Sensor_PrintValue	16	static
main.c:1207:13:Sensor_Print_LineDetect	16	static
main.c:1213:6:ScrollUp	8	static
main.c:1305:6:SelectItem	8	static,ignoring_inline_asm
main.c:1325:6:MultifunctionButton	4	static
main.c:1433:6:HAL_GPIO_EXTI_Callback	16	static,ignoring_inline_asm
main.c:1446:6:HAL_TIM_PeriodElapsedCallback	16	static
main.c:1496:6:Error_Handler	4	static,ignoring_inline_asm
