main.c:143:1:__io_putchar	16	static
main.c:150:6:HAL_UART_RxCpltCallback	80	static
main.c:193:5:main	8	static
main.c:263:6:SystemClock_Config	88	static
main.c:308:13:MX_ADC1_Init	24	static
main.c:398:13:MX_I2C3_Init	8	static
main.c:432:13:MX_SPI2_Init	8	static
main.c:470:13:MX_TIM2_Init	56	static
main.c:519:13:MX_TIM3_Init	48	static
main.c:572:13:MX_TIM4_Init	56	static
main.c:621:13:MX_TIM5_Init	32	static
main.c:666:13:MX_USART1_UART_Init	8	static
main.c:699:13:MX_USART6_UART_Init	8	static
main.c:730:13:MX_DMA_Init	16	static
main.c:748:13:MX_GPIO_Init	48	static
main.c:787:6:Running	16	static
main.c:809:12:Error_Return	16	static
main.c:867:12:Constraint	24	static
main.c:877:13:Sensor_Convert_A2D	16	static
main.c:895:6:Sensor_PrintValue	16	static
main.c:905:13:Sensor_Print_LineDetect	16	static
main.c:911:6:ScrollUp	8	static
main.c:1003:6:SelectItem	8	static,ignoring_inline_asm
main.c:1023:6:MultifunctionButton	4	static
main.c:1131:6:HAL_GPIO_EXTI_Callback	16	static,ignoring_inline_asm
main.c:1144:6:HAL_TIM_PeriodElapsedCallback	16	static
main.c:1159:6:ReadFlash	24	static
main.c:1194:6:Error_Handler	4	static,ignoring_inline_asm
