main.c:178:1:__io_putchar	16	static
main.c:185:6:HAL_UART_RxCpltCallback	72	static
main.c:253:6:Encoder_Read	4	static
main.c:264:5:main	8	static
main.c:339:6:SystemClock_Config	88	static
main.c:384:13:MX_ADC1_Init	24	static
main.c:474:13:MX_I2C3_Init	8	static
main.c:508:13:MX_SPI2_Init	8	static
main.c:546:13:MX_TIM2_Init	56	static
main.c:595:13:MX_TIM3_Init	48	static
main.c:648:13:MX_TIM4_Init	56	static
main.c:697:13:MX_TIM5_Init	32	static
main.c:742:13:MX_TIM9_Init	24	static
main.c:780:13:MX_USART1_UART_Init	8	static
main.c:813:13:MX_USART6_UART_Init	8	static
main.c:844:13:MX_DMA_Init	16	static
main.c:862:13:MX_GPIO_Init	48	static
main.c:901:6:Running	16	static
main.c:949:6:Left_Turn	4	static
main.c:953:6:Right_Turn	4	static
main.c:957:6:Turn_180_Deg	4	static
main.c:961:12:Error_Return	16	static
main.c:1016:12:Constraint	24	static
main.c:1026:13:Sensor_Convert_A2D	16	static
main.c:1044:6:Sensor_PrintValue	16	static
main.c:1054:13:Sensor_Print_LineDetect	16	static
main.c:1060:6:ScrollUp	8	static
main.c:1152:6:SelectItem	8	static,ignoring_inline_asm
main.c:1172:6:MultifunctionButton	4	static
main.c:1280:6:HAL_GPIO_EXTI_Callback	16	static,ignoring_inline_asm
main.c:1293:6:HAL_TIM_PeriodElapsedCallback	16	static
main.c:1308:6:ReadFlash	24	static
main.c:1343:6:Error_Handler	4	static,ignoring_inline_asm
