main.c:198:1:__io_putchar	16	static
main.c:205:6:HAL_UART_RxCpltCallback	120	static
main.c:283:6:Encoder_Read	4	static
main.c:294:5:main	16	static
main.c:378:6:SystemClock_Config	88	static
main.c:423:13:MX_ADC1_Init	24	static
main.c:513:13:MX_I2C3_Init	8	static
main.c:547:13:MX_SPI2_Init	8	static
main.c:585:13:MX_TIM2_Init	56	static
main.c:634:13:MX_TIM3_Init	48	static
main.c:687:13:MX_TIM4_Init	56	static
main.c:736:13:MX_TIM5_Init	32	static
main.c:781:13:MX_TIM9_Init	24	static
main.c:819:13:MX_USART1_UART_Init	8	static
main.c:852:13:MX_USART6_UART_Init	8	static
main.c:883:13:MX_DMA_Init	16	static
main.c:901:13:MX_GPIO_Init	48	static
main.c:940:6:Running	16	static
main.c:1034:6:Left_Turn	16	static
main.c:1069:6:Left_Turn_Ngaba	8	static
main.c:1082:6:Right_Turn	4	static
main.c:1086:6:Turn_180_Deg	4	static
main.c:1090:12:Error_Return	16	static
main.c:1123:12:Constraint	24	static
main.c:1133:13:Sensor_Convert_A2D	16	static
main.c:1151:6:Sensor_PrintValue	16	static
main.c:1161:13:Sensor_Print_LineDetect	16	static
main.c:1167:6:ScrollUp	8	static
main.c:1259:6:SelectItem	8	static,ignoring_inline_asm
main.c:1279:6:MultifunctionButton	4	static
main.c:1387:6:HAL_GPIO_EXTI_Callback	16	static,ignoring_inline_asm
main.c:1400:6:HAL_TIM_PeriodElapsedCallback	16	static
main.c:1415:6:ReadFlash	24	static
main.c:1450:6:Error_Handler	4	static,ignoring_inline_asm
