main.c:206:1:__io_putchar	16	static
main.c:213:6:HAL_UART_RxCpltCallback	120	static
main.c:291:6:Encoder_Read	4	static
main.c:302:5:main	16	static
main.c:386:6:SystemClock_Config	88	static
main.c:431:13:MX_ADC1_Init	24	static
main.c:521:13:MX_I2C3_Init	8	static
main.c:555:13:MX_SPI2_Init	8	static
main.c:593:13:MX_TIM2_Init	56	static
main.c:642:13:MX_TIM3_Init	48	static
main.c:695:13:MX_TIM4_Init	56	static
main.c:744:13:MX_TIM5_Init	32	static
main.c:789:13:MX_TIM9_Init	24	static
main.c:827:13:MX_USART1_UART_Init	8	static
main.c:860:13:MX_USART6_UART_Init	8	static
main.c:891:13:MX_DMA_Init	16	static
main.c:909:13:MX_GPIO_Init	48	static
main.c:948:6:Running	104	static
main.c:1091:6:Left_Turn	16	static
main.c:1125:6:Left_Turn_Ngaba	8	static
main.c:1141:6:Right_Turn	16	static
main.c:1174:6:Right_Turn_Ngaba	8	static
main.c:1191:6:Turn_180_Deg	8	static
main.c:1208:6:Go_Straight	16	static
main.c:1219:12:Error_Return	16	static
main.c:1256:12:Constraint	24	static
main.c:1266:13:Sensor_Convert_A2D	16	static
main.c:1284:6:Sensor_PrintValue	16	static
main.c:1294:13:Sensor_Print_LineDetect	16	static
main.c:1300:6:ScrollUp	8	static
main.c:1392:6:SelectItem	8	static,ignoring_inline_asm
main.c:1412:6:MultifunctionButton	4	static
main.c:1520:6:HAL_GPIO_EXTI_Callback	16	static,ignoring_inline_asm
main.c:1533:6:HAL_TIM_PeriodElapsedCallback	16	static
main.c:1548:6:ReadFlash	24	static
main.c:1583:6:Error_Handler	4	static,ignoring_inline_asm
