main.c:199:1:__io_putchar	16	static
main.c:206:6:HAL_UART_RxCpltCallback	120	static
main.c:284:6:Encoder_Read	4	static
main.c:295:5:main	16	static
main.c:379:6:SystemClock_Config	88	static
main.c:424:13:MX_ADC1_Init	24	static
main.c:514:13:MX_I2C3_Init	8	static
main.c:548:13:MX_SPI2_Init	8	static
main.c:586:13:MX_TIM2_Init	56	static
main.c:635:13:MX_TIM3_Init	48	static
main.c:688:13:MX_TIM4_Init	56	static
main.c:737:13:MX_TIM5_Init	32	static
main.c:782:13:MX_TIM9_Init	24	static
main.c:820:13:MX_USART1_UART_Init	8	static
main.c:853:13:MX_USART6_UART_Init	8	static
main.c:884:13:MX_DMA_Init	16	static
main.c:902:13:MX_GPIO_Init	48	static
main.c:941:6:Running	16	static
main.c:1042:6:Left_Turn	16	static
main.c:1076:6:Left_Turn_Ngaba	8	static
main.c:1092:6:Right_Turn	16	static
main.c:1125:6:Turn_180_Deg	4	static
main.c:1129:12:Error_Return	16	static
main.c:1162:12:Constraint	24	static
main.c:1172:13:Sensor_Convert_A2D	16	static
main.c:1190:6:Sensor_PrintValue	16	static
main.c:1200:13:Sensor_Print_LineDetect	16	static
main.c:1206:6:ScrollUp	8	static
main.c:1298:6:SelectItem	8	static,ignoring_inline_asm
main.c:1318:6:MultifunctionButton	4	static
main.c:1426:6:HAL_GPIO_EXTI_Callback	16	static,ignoring_inline_asm
main.c:1439:6:HAL_TIM_PeriodElapsedCallback	16	static
main.c:1454:6:ReadFlash	24	static
main.c:1489:6:Error_Handler	4	static,ignoring_inline_asm
