main.c:238:1:__io_putchar	16	static
main.c:245:6:HAL_UART_RxCpltCallback	136	static
main.c:330:6:Encoder_Read	4	static
main.c:341:5:main	16	static
main.c:426:6:SystemClock_Config	88	static
main.c:471:13:MX_ADC1_Init	24	static
main.c:561:13:MX_I2C3_Init	8	static
main.c:595:13:MX_SPI2_Init	8	static
main.c:633:13:MX_TIM2_Init	56	static
main.c:682:13:MX_TIM3_Init	48	static
main.c:735:13:MX_TIM4_Init	56	static
main.c:784:13:MX_TIM5_Init	32	static
main.c:829:13:MX_TIM9_Init	24	static
main.c:867:13:MX_USART1_UART_Init	8	static
main.c:900:13:MX_USART6_UART_Init	8	static
main.c:931:13:MX_DMA_Init	16	static
main.c:949:13:MX_GPIO_Init	48	static
main.c:988:6:Running	104	static
main.c:1153:6:Read_RFID_CARD	40	static
main.c:1202:13:Left_Turn	8	static
main.c:1216:13:Right_Turn	8	static
main.c:1229:13:Turn_180_Deg	8	static
main.c:1246:13:Go_Straight	16	static
main.c:1256:12:Error_Return	16	static
main.c:1293:12:Constraint	24	static
main.c:1303:13:Sensor_Convert_A2D	16	static
main.c:1321:6:Sensor_PrintValue	16	static
main.c:1331:13:Sensor_Print_LineDetect	16	static
main.c:1337:6:ScrollUp	8	static
main.c:1429:6:SelectItem	8	static,ignoring_inline_asm
main.c:1449:6:MultifunctionButton	4	static
main.c:1561:6:HAL_GPIO_EXTI_Callback	16	static,ignoring_inline_asm
main.c:1574:6:HAL_TIM_PeriodElapsedCallback	16	static
main.c:1624:6:Error_Handler	4	static,ignoring_inline_asm
