stm32f4xx_it.c:79:6:NMI_Handler	4	static
stm32f4xx_it.c:94:6:HardFault_Handler	4	static
stm32f4xx_it.c:109:6:MemManage_Handler	4	static
stm32f4xx_it.c:124:6:BusFault_Handler	4	static
stm32f4xx_it.c:139:6:UsageFault_Handler	4	static
stm32f4xx_it.c:154:6:SVC_Handler	4	static
stm32f4xx_it.c:167:6:DebugMon_Handler	4	static
stm32f4xx_it.c:180:6:PendSV_Handler	4	static
stm32f4xx_it.c:193:6:SysTick_Handler	8	static
stm32f4xx_it.c:221:6:ADC_IRQHandler	8	static
stm32f4xx_it.c:235:6:TIM2_IRQHandler	8	static
stm32f4xx_it.c:249:6:TIM4_IRQHandler	8	static
stm32f4xx_it.c:263:6:EXTI15_10_IRQHandler	8	static
stm32f4xx_it.c:277:6:TIM5_IRQHandler	8	static
stm32f4xx_it.c:291:6:DMA2_Stream0_IRQHandler	8	static
stm32f4xx_it.c:305:6:USART6_IRQHandler	8	static
