stm32f4xx_it.c:81:6:NMI_Handler	4	static
stm32f4xx_it.c:96:6:HardFault_Handler	4	static
stm32f4xx_it.c:111:6:MemManage_Handler	4	static
stm32f4xx_it.c:126:6:BusFault_Handler	4	static
stm32f4xx_it.c:141:6:UsageFault_Handler	4	static
stm32f4xx_it.c:156:6:SVC_Handler	4	static
stm32f4xx_it.c:169:6:DebugMon_Handler	4	static
stm32f4xx_it.c:182:6:PendSV_Handler	4	static
stm32f4xx_it.c:195:6:SysTick_Handler	8	static
stm32f4xx_it.c:233:6:ADC_IRQHandler	8	static
stm32f4xx_it.c:247:6:TIM2_IRQHandler	8	static
stm32f4xx_it.c:261:6:TIM4_IRQHandler	8	static
stm32f4xx_it.c:275:6:EXTI15_10_IRQHandler	8	static
stm32f4xx_it.c:289:6:TIM5_IRQHandler	8	static
stm32f4xx_it.c:303:6:DMA2_Stream0_IRQHandler	8	static
stm32f4xx_it.c:317:6:USART6_IRQHandler	8	static
