UartRingBuffer.c:41:6:Ringbuf_init	4	static
UartRingBuffer.c:53:6:store_char	24	static
UartRingBuffer.c:69:12:check_for	32	static
UartRingBuffer.c:102:5:Uart_read	16	static
UartRingBuffer.c:119:6:Uart_write	24	static
UartRingBuffer.c:135:5:IsDataAvailable	4	static
UartRingBuffer.c:142:6:Uart_sendstring	16	static
UartRingBuffer.c:147:6:GetDataFromBuffer	56	static
UartRingBuffer.c:204:6:Uart_flush	8	static
UartRingBuffer.c:211:5:Uart_peek	4	static
UartRingBuffer.c:229:5:Copy_upto	32	static
UartRingBuffer.c:267:5:Get_after	32	static
UartRingBuffer.c:283:5:Wait_for	24	static
UartRingBuffer.c:328:6:Uart_isr	32	static
UartRingBuffer.c:392:10:Get_position	40	static
UartRingBuffer.c:427:6:Get_string	32	static
